<testsuite name="Test Suite" tests="41" failures="8" errors="0" skipped="0"><testcase name="nested_while" classname="tests.general.while" time="0"><failure message="Return code does not match expected value" type="AssertionError" text="Expected return code 0, but got 3" /></testcase><testcase name="while" classname="tests.general.while" time="0.001" /><testcase name="nested_if" classname="tests.general.if.nested" time="0.001" /><testcase name="simple_if_empty_string" classname="tests.general.if.simple" time="0"><failure message="Return code does not match expected value" type="AssertionError" text="Expected return code 9, but got 0" /></testcase><testcase name="simple_if_always_false_string" classname="tests.general.if.simple" time="0.001" /><testcase name="simple_if_always_true" classname="tests.general.if.simple" time="0.001" /><testcase name="simple_if_always_true_string" classname="tests.general.if.simple" time="0.001" /><testcase name="simple_if_always_false" classname="tests.general.if.simple" time="0.001" /><testcase name="solo_semicolon" classname="tests.general.solo_semicolon" time="0.001" /><testcase name="definition_01" classname="tests.general.definitions" time="0"><failure message="Return code does not match expected value" type="AssertionError" text="Expected return code 0, but got 2" /></testcase><testcase name="brackets_no_assign" classname="tests.general.expressions.brackets_no_assign" time="0.001" /><testcase name="missing_operand_01" classname="tests.general.expressions.missing_operands" time="0.001" /><testcase name="missing_operand_02" classname="tests.general.expressions.missing_operands" time="0.001" /><testcase name="missing_operand_04" classname="tests.general.expressions.missing_operands" time="0.001" /><testcase name="missing_operand_05" classname="tests.general.expressions.missing_operands" time="0.001" /><testcase name="missing_operand_03" classname="tests.general.expressions.missing_operands" time="0.001" /><testcase name="missing_assignment" classname="tests.general.expressions.missing_assignment" time="0.001" /><testcase name="add" classname="tests.general.expressions.operators.add_assign" time="0.001" /><testcase name="divide_int_float" classname="tests.general.expressions.operators.divide_assign" time="0.001" /><testcase name="divide_float_int" classname="tests.general.expressions.operators.divide_assign" time="0.001" /><testcase name="divide_int_int" classname="tests.general.expressions.operators.divide_assign" time="0.001" /><testcase name="divide_float_float" classname="tests.general.expressions.operators.divide_assign" time="0.001" /><testcase name="unary_plus" classname="tests.general.expressions.operators.unary_plus" time="0"><failure message="Return code does not match expected value" type="AssertionError" text="Expected return code 0, but got 2" /></testcase><testcase name="subtract" classname="tests.general.expressions.operators.subtract_assign copy" time="0.001" /><testcase name="unary_minus" classname="tests.general.expressions.operators.unary_minus" time="0"><failure message="Return code does not match expected value" type="AssertionError" text="Expected return code 0, but got 2" /></testcase><testcase name="multiply" classname="tests.general.expressions.operators.multiply_assign" time="0.001" /><testcase name="builtin_function_redefinition" classname="tests.general.special" time="0"><failure message="Return code does not match expected value" type="AssertionError" text="Expected return code 3, but got 2" /></testcase><testcase name="function_redefinition" classname="tests.general.special" time="0"><failure message="Return code does not match expected value" type="AssertionError" text="Expected return code 3, but got 2" /></testcase><testcase name="keyword_variable_assignment" classname="tests.general.special" time="0.001" /><testcase name="read_integer_null" classname="tests.general.builtin_functions.readInt" time="0.001" /><testcase name="read_integer" classname="tests.general.builtin_functions.readInt" time="0.001" /><testcase name="read_string_null" classname="tests.general.builtin_functions.readString" time="0.001" /><testcase name="read_string" classname="tests.general.builtin_functions.readString" time="0.001" /><testcase name="write_integer" classname="tests.general.builtin_functions.write" time="0.001" /><testcase name="write_float" classname="tests.general.builtin_functions.write" time="0.001" /><testcase name="write_string_multiline" classname="tests.general.builtin_functions.write" time="0"><failure message="Return code does not match expected value" type="AssertionError" text="Expected return code 0, but got 2" /></testcase><testcase name="write_empty" classname="tests.general.builtin_functions.write" time="0.001" /><testcase name="write_string" classname="tests.general.builtin_functions.write" time="0.001" /><testcase name="write_multiple" classname="tests.general.builtin_functions.write" time="0.001" /><testcase name="read_float_null" classname="tests.general.builtin_functions.readFloat" time="0.001" /><testcase name="read_float" classname="tests.general.builtin_functions.readFloat" time="0.001" /></testsuite>